// Jest Snapshot v1, https://goo.gl/fbAQLP

exports[`SeachForm renders correctly 1`] = `[Function]`;
